2025-02-25 11:50:46,723 [INFO] Sending automation command...
2025-02-25 11:50:46,735 [INFO] Command sent with Request ID: 32c18176-59de-4b18-948a-80e0d88b7fe0
2025-02-25 11:50:46,735 [INFO] Polling for answer...
2025-02-25 11:50:46,737 [INFO] Answer not ready, polling again...
2025-02-25 11:50:48,741 [INFO] Received answer from server.
2025-02-25 11:50:53,440 [INFO] Sending automation command...
2025-02-25 11:50:53,444 [INFO] Command sent with Request ID: 3e6236b3-8ef5-41c1-a216-ecbae255a004
2025-02-25 11:50:53,444 [INFO] Polling for answer...
2025-02-25 11:50:53,446 [INFO] Answer not ready, polling again...
2025-02-25 11:50:55,451 [INFO] Received answer from server.
2025-02-25 11:51:06,437 [INFO] Sending automation command...
2025-02-25 11:51:06,441 [INFO] Command sent with Request ID: daf9d5f9-b13f-467b-a68d-247e0e089f8f
2025-02-25 11:51:06,441 [INFO] Sent get-html command. Request ID: daf9d5f9-b13f-467b-a68d-247e0e089f8f
2025-02-25 11:51:06,444 [INFO] Answer not ready, polling again...
2025-02-25 11:51:08,451 [INFO] Received answer from server.
2025-02-25 11:57:06,064 [INFO] Sending automation command...
2025-02-25 11:57:06,076 [INFO] Command sent with Request ID: ff670ce0-7b9f-4408-b033-7b3fbfc5d68e
2025-02-25 11:57:06,076 [INFO] Sent get-html command. Request ID: ff670ce0-7b9f-4408-b033-7b3fbfc5d68e
2025-02-25 11:57:06,078 [INFO] Answer not ready, polling again...
2025-02-25 11:57:08,084 [INFO] Answer not ready, polling again...
2025-02-25 11:57:10,091 [INFO] Answer not ready, polling again...
2025-02-25 11:57:12,097 [INFO] Answer not ready, polling again...
2025-02-25 11:57:14,103 [INFO] Answer not ready, polling again...
2025-02-25 11:57:22,432 [INFO] Sending automation command...
2025-02-25 11:57:22,442 [INFO] Command sent with Request ID: 3570e590-bd45-4f27-81e3-da2e22a0b437
2025-02-25 11:57:22,442 [INFO] Sent get-html command. Request ID: 3570e590-bd45-4f27-81e3-da2e22a0b437
2025-02-25 11:57:22,445 [INFO] Answer not ready, polling again...
2025-02-25 11:57:24,453 [INFO] Received answer from server.
2025-02-25 11:57:38,979 [INFO] Sending automation command...
2025-02-25 11:57:38,985 [INFO] Command sent with Request ID: f1a20da3-e063-46ba-9326-587e96f9990e
2025-02-25 11:57:38,985 [INFO] Polling for answer...
2025-02-25 11:57:38,987 [INFO] Answer not ready, polling again...
2025-02-25 11:57:40,992 [INFO] Received answer from server.
2025-02-25 11:58:04,759 [INFO] Sending automation command...
2025-02-25 11:58:04,762 [INFO] Command sent with Request ID: f093f6fe-9825-46fd-8df4-195619f24ee1
2025-02-25 11:58:04,762 [INFO] Polling for answer...
2025-02-25 11:58:04,763 [INFO] Answer not ready, polling again...
2025-02-25 11:58:06,769 [INFO] Received answer from server.
2025-02-25 11:58:13,529 [INFO] Sending automation command...
2025-02-25 11:58:13,534 [INFO] Command sent with Request ID: 2c7172da-221c-4004-94b3-cfa5f6dec843
2025-02-25 11:58:13,534 [INFO] Polling for answer...
2025-02-25 11:58:13,536 [INFO] Answer not ready, polling again...
2025-02-25 11:58:15,540 [INFO] Answer not ready, polling again...
2025-02-25 11:58:17,546 [INFO] Received answer from server.
2025-02-25 11:58:23,079 [INFO] Sending automation command...
2025-02-25 11:58:23,082 [INFO] Command sent with Request ID: 20c4dddb-6e80-42f3-a5f5-23d74a7da2a4
2025-02-25 11:58:23,082 [INFO] Polling for answer...
2025-02-25 11:58:23,084 [INFO] Answer not ready, polling again...
2025-02-25 11:58:25,089 [INFO] Received answer from server.
